nodered.frb-data.dk 131.165.177.65 - [28/Jan/2020:11:51:03 +0000] "POST /flows HTTP/2.0" 200 0 https://nodered.frb-data.dk/ "Mozilla/5.0 (Windows NT 10.0; Win64; x64) AppleWebKit/537.36 (KHTML, like Gecko) Chrome/79.0.3945.130 Safari/537.36" 158021226354.224016 https://nodered.frb-data.dk/ 1.out 0 3920.000000 md5:ee9fdb3114c14bfee1c15860e1e4577c
th.frb-data.dk 131.165.177.65 - [28/Jan/2020:11:52:35 +0000] "GET /?a=v%20or%201=1 HTTP/2.0" 403 548 - "Mozilla/5.0 (Windows NT 10.0; Win64; x64) AppleWebKit/537.36 (KHTML, like Gecko) Chrome/79.0.3945.130 Safari/537.36" 158021235523.280505 - 2.out 0 2564.000000 md5:b54028ca41352794e048c0d86c8bd778
